=== TEST 1: Health Check ===
Status: 200
Response: {'message': 'FinSight API is running', 'status': 'healthy'}

=== TEST 2: Register New User ===
Status: 409
Success: False
Message: Phone number already exists.
Token: NO

=== TEST 3: Login with same user ===
Status: 401
Success: False
Message: Invalid email or password.
Token: NO
ERROR: No token received! Aborting expense test.
